// Jest Snapshot v1, https://goo.gl/fbAQLP

exports[`Given I am connected as an employee When I click on the eye icon Then modal should be open  1`] = `
"
      <div class=\\"modal-dialog modal-dialog-centered modal-lg\\" role=\\"document\\">
        <div class=\\"modal-content\\">
          <div class=\\"modal-header\\">
            <h5 class=\\"modal-title\\" id=\\"exampleModalLongTitle\\">Justificatif</h5>
            <button type=\\"button\\" class=\\"close\\" data-dismiss=\\"modal\\" aria-label=\\"Close\\">
              <span aria-hidden=\\"true\\">×</span>
            </button>
          </div>
          <div class=\\"modal-body\\"><div style=\\"text-align: center;\\"><img width=\\"0\\" src=\\"https://firebasestorage.googleapis.com/v0/b/billable-677b6.a…f-1.jpg?alt=media&amp;token=c1640e12-a24b-4b11-ae52-529112e9602a\\"></div></div>
        </div>
      </div>
    "
`;
